𜽐
𜽐𜼵
𜽐𜼳
𜽑𜼱𜼇𜼧
𜽐𜼱𜼆𜼦
𜽒𜼆
𜽒𜼳𜼆
𜽒𜼶𜼆
𜽒𜼦𜼆
𜽝𜼵𜼃
𜽝𜼃𜾁
𜽖𜼵𜼆
𜽗𜼆
𜽔𜼆
𜽛𜼆
𜽰𜼱𜼆
𜽜𜼆𜼦
𜽜𜼽𜼆𜼦𜼩
𜽲𜼆
𜽴𜼆
𜽲𜼤
𜽲𜼳𜼣
𜽭𜼈𜼤
𜽘𜼤
𜽘𜼅𜼧
𜽘𜼦𜼧
𜽟𜼣
\\ 𜽯𜼆
\\ 𜽯𜼅𜼧
𜽯𜼫
𜽯𜼼𜼅
𜾆𜼃
𜾇𜼃
𜾇𜼅𜼣
𜾈𜼄
𜾐𜼣𜼅
𜾆𜼰𜼅
𜾒𜼆
𜾒𜼰𜼆𜼢
𜾒𜼰𜼻𜼅𜼢𜼪
𜾒𜼶𜼆
𜾒𜼇𜼦𜼤
𜾆𜼱𜼈𜼣
𜾆𜼱𜼺𜼊𜼢
𜾆𜼱𜼻𜼉
𜾋𜼆𜼢
𜾋𜼰𜼄𜼣𜼢
𜽽𜼆𜼨
𜽽𜼳𜼆
𜽽𜼆𜼦𜼨
𜽾𜼇𜼣
𜽾𜼇𜼦
𜾐𜼰𜼇
𜽓𜼳𜼆𜼩
𜽓𜼵𜼆𜼩
𜽓𜼆𜼦𜼩
𜽓𜼶𜼆𜼩
𜿁𜾒𜼇𜼣𜼤
𜿁𜾒𜼰𜼺𜼇𜼣𜼤𜼢
𜿁𜾇𜼆
𜾯𜼇
𜿂𜾇𜼇
𜾧𜼆
𜾓𜼳𜼰𜼆𜼣
𜾓𜼰𜼺𜼆𜼣
𜾔𜼰𜼆𜼣
𜾔𜼰𜼳𜼆𜼤
𜾔𜼰𜼻𜼇𜼤𜼪
𜾔𜼰𜼺𜼇𜼤
𜾔𜼰𜼺𜼆𜼤𜼢
𜾖𜼆𜼤
𜾖𜼅𜼥
𜾖𜼳𜼆𜼤
𜾖𜼆𜼦𜼤
𜾒𜼱𜼳𜼇𜼤
𜾒𜼱𜼻𜼇𜼤
𜾒𜼱𜼇𜼦𜼤
𜾒𜼱𜼶𜼇𜼤
𜾒𜼱𜼳𜼇𜼣
𜾒𜼱𜼶𜼇𜼣
𜾓𜼱𜼳𜼇𜼣
𜾖𜼰𜼇𜼤
𜾢𜼄𜼤
𜾢𜼳𜼆𜼩
𜾢𜼆𜼦𜼩
𜾢𜼶𜼆𜼩
𜾢𜼻𜼆𜼩𜼪
𜾣𜼳𜼆𜼤
𜾢𜼱𜼈𜼦𜼤
𜾢𜼱𜼶𜼈𜼤
𜾢𜼱𜼻𜼇𜼤
𜾣𜼆𜼣
𜾢𜼱𜼳𜼈
𜾥𜼰𜼳𜼅𜼤
𜾥𜼱𜼆𜼦𜼤
𜾥𜼲𜼶𜼉𜼤
𜾥𜼱𜼻𜼈𜼤
𜾥𜼱𜼺𜼈𜼤
𜾬𜼈𜼦𜼥
𜾬𜼶𜼈𜼥
𜾮𜼰𜼳𜼆𜼥
𜾭𜼰𜼈𜼥
𜾆𜼅𜼤𜿃
𜽮
𜽾𜼵𜼇𜼥
𜾋𜼰𜼦𜼢𜼣
𜾆𜾅
𜽐𜼾𜼈
𜽐𜽀𜼇𜼒
𜽐𜼾𜼱𜼈𜼢𜼓
𜽐𜼱𜼿𜼈
𜽐𜽀𜼱𜼆𜼇𜼒
𜽐𜼷𜼊
𜽒𜽀𜼶𜼉
𜽔𜼉𜼤
𜽔𜽀𜼆𜼈𜼤𜼓
𜽔𜽀𜽀𜼉𜼤
𜽔𜽀𜽀𜼉𜼤
𜽔𜽀𜽀𜽀𜼇
𜽕𜼈
\\znew{}𜽕𜼈
\\znew{}𜽕𜼾𜼆𜼇𜼈
\\znew{}𜽕𜽀𜼇𜼈𜼓
\\znew{}𜽕𜼰𜼈𜼢
\\znew{}𜽕𜽀𜼱𜼇𜼒
𜽖𜽀𜼆
𜽖𜽀𜽀𜼈
𜽖𜽀𜽀𜼈
𜽖𜽀𜽀𜽀𜼈𜼇𜼈𜼇
𜽘𜼻𜼕
𜽘𜼿𜼆𜼈𜼥
𜽘𜽀𜼅𜼐
𜽘𜽀𜼔
𜽙𜼿𜼆𜼇𜼒
𜽚𜼄𜼇
\\znew{}𜽚𜼄𜼇
𜽝𜼆𜼤
𜽝𜼻𜼆
𜽠𜼿𜼉𜼊
𜽠𜽀𜼈𜼤
𜽠𜽀𜽀𜼇𜼤
𜽡𜼻𜼈
𜽡𜽀𜼈𜼉𜼊𜼓
𜽢𜼿𜼅𜼈𜼥
𜽢𜽀𜼅𜼈𜼓
𜽤𜼇𜼤
𜽤𜽀𜼃𜼄𜼅𜼣
𜽲𜼈𜼦𜼩
𜽳𜼰𜼆𜼈
𜽵𜼰𜼈𜼥
𜽵𜼼𜼈𜼥
𜽵𜽀𜼈𜼥𜼑
𜽶𜼈𜼩𜼦
𜽺𜼻𜼆𜼅𜼆𜼇
𜽿𜼆𜼑
𜾀𜼆
𜾁𜼄
𜾂𜼄
𜾈𜼰𜼆𜼢
𜾒𜼰𜼆𜼇
𜾒𜽀𜼰𜼈𜼢𜼣
𜾓𜼰𜼇𜼣
𜾕𜼆
𜾖𜽀𜼇𜼩
𜾚𜼇
𜾛𜽀𜼻𜼆𜼢𜼇𜼒
𜾧𜼇
\\znew{}𜾧𜼆
𜾩𜼇
\\znew{}𜾩𜼇
\\znew{}𜾩𜼰𜼴𜼼𜼇𜼢
\\znew{}𜾩𜽀𜼆𜼏
\\znew{}𜾪𜼈𜼇𜼆𜼅𜼆
\\znew{}𜾪𜼈𜼦𜼩𜼑
𜾰𜼈𜼣
𜾰𜽀𜼆𜼇𜼈𜼓
𜽐𜼈𜽖𜾀𜼢
𜽐𜼱𜼈𜽜𜼢𜼓
𜽐𜼰𜼶𜼉𜽐𜼰
𜽐𜼰𜼶𜼈𜼉𜽖𜼈𜾀𜼢
𜽒𜼈𜽖𜼇𜽿𜼢
𜽒𜼈𜽖𜼇𜾀𜼢𜼒
𜽔𜼆𜽐𜼰𜼈𜼢𜼓
𜽔𜽔𜼆𜽐𜼶𜼏
\\znew{}𜽔𜼉𜾩𜽀
\\zalt{}𜽔𜼉𜾩𜼾𜽝𜼇𜽵𜼈𜼥
\\znew{}𜽔𜼉𜾩𜼾𜽝𜼇𜽵𜼈𜼥
\\znew{}𜽕𜼇𜼈𜽖𜾀𜼢
𜽖𜼆𜽿𜼢
𜽖𜼈𜽿𜼇𜼒
𜽖𜼉𜼤𜽝𜽿
𜽛𜼉𜼤𜽜𜼽
𜽜𜼆𜽔𜽀𜼏
𜽝𜼄𜽐𜼆𜽖𜼢𜽜𜼑
𜽝𜼄𜽔𜼻𜼆
𜽝𜼇𜽔𜼼𜼈𜼉𜼔
𜽝𜼆𜽔𜼰𜼈
𜽝𜼆𜽔𜽀𜼰𜼉𜼔
𜽝𜼅𜽔𜼇𜽐𜼰𜼢
𜽝𜼆𜽔𜽐𜼈𜽖𜾀
𜽝𜼅𜽔𜼇𜽔𜼾𜼅𜽤𜼇
𜽝𜼅𜽔𜼇𜾀𜼢
\\zalt{}𜽝𜼇𜽔𜼉𜼥𜾩𜼥
\\znew{}𜽝𜼅𜽔𜼇𜾩𜼰𜼼𜼅𜼒
\\znew{}𜽝𜼅𜽔𜼇𜾩𜼾𜼰𜼅𜽝𜼆
\\znew{}𜽝𜼇𜽔𜼉𜾩𜼾𜼇𜽠𜼿𜼈
\\znew{}𜽝𜼅𜽔𜼇𜾩𜼾𜼅𜽤𜼇
\\znew{}𜽝𜼈𜽔𜼊𜾩𜼈𜾩𜼼
𜽝𜼤𜽜𜼽𜼆
\\zalt{}𜽝𜼇𜽵𜼾𜼈𜼥𜽻𜼻𜼩𜼓
𜽝𜽿𜼆
𜽝𜼤𜽿𜼆
𜽝𜼻𜼈𜽿𜼢
𜽝𜼻𜼈𜾀𜼢𜼓
\\znew{}𜽲𜼈𜼩𜾩𜽐𜼶𜼑
\\znew{}𜽺𜼆𜼩𜾩𜽐𜼶𜼏
\\znew{}𜾆𜼊𜾩𜼾𜼢𜽝𜼈𜽔𜼻𜼊
\\znew{}𜾆𜼈𜾩𜼢𜼆𜾩𜼼𜼅𜼐
\\znew{}𜾆𜼊𜾩𜼢𜾩𜼾𜼈𜽝𜼆
\\znew{}𜾆𜼊𜾩𜼰𜼼𜼢
\\znew{}𜾆𜼈𜾩𜼴𜼼
\\znew{}𜾆𜼊𜾩𜼴𜼿𜼢𜼢𜼔
\\znew{}𜾆𜼊𜾩𜼴𜼢𜾩𜼼𜼈
\\znew{}𜾆𜼈𜾩𜼴𜾩𜽀
\\znew{}𜾖𜼅𜼆𜼇𜽐
\\znew{}𜾛𜼄𜼢𜼆𜽐
\\znew{}𜾩𜼾𜼇𜼆𜽝𜼅𜽔𜼻𜼆𜼇
\\znew{}𜾩𜼾𜼆𜽢𜼄𜼇
\\znew{}𜾩𜼾𜼈𜽢𜼿𜼆𜼉𜼥
\\znew{}𜾩𜼾𜼈𜽤𜼅𜼇𜼣
\\znew{}𜾩𜼾𜼈𜼥𜽻𜼻𜼥𜼓
\\zalt{}𜾩𜼈𜼩𜾫𜼻𜼓
\\znew{}𜾩𜼾𜼈𜽷𜼻𜼥𜼓
\\znew{}𜾩𜼈𜽐𜼶𜽐𜼆
\\znew{}𜾩𜼆𜽖
\\znew{}𜾩𜼈𜾩𜼐
\\znew{}𜾩𜼈𜼆𜾫𜼇
